=== RUN   TestEngineEvasionResistance
=== RUN   TestEngineEvasionResistance/Spaced_IBAN
    engine_test.go:37: Scan results for "Konto DE89 3704 0044 0532 0130 00 is mine": [{Entity:IBAN CanonicalType: Value:DE89 3704 0044 0532 0130 00 ValueHash:7f377fd57c2598c990f98d9cb062d09d604bca8dce2ac72cde2a39aaf7b10a8c Confidence:1 Method:[regex checksum] Location:6-33 Range:{Start:6 End:33}}]
    engine_test.go:44: Regex IBAN matched: "DE89 3704 0044 0532 0130 00"
    engine_test.go:44: Regex CREDIT_CARD matched: "3704 0044 0532 0130 "
=== RUN   TestEngineEvasionResistance/Mixed_Case_IBAN
    engine_test.go:37: Scan results for "iban de89370400440532013000.": [{Entity:IBAN CanonicalType: Value:de89370400440532013000 ValueHash:9cf685bd65e3490c3b76c1f9882ce77ad2b4fc9f360bcaf2820d2329c295e2dc Confidence:1 Method:[regex checksum] Location:5-27 Range:{Start:5 End:27}}]
    engine_test.go:44: Regex IBAN matched: "de89370400440532013000"
=== RUN   TestEngineEvasionResistance/Credit_Card_with_Dashes
    engine_test.go:37: Scan results for "Card 4111-1111-1111-1111": [{Entity:CREDIT_CARD CanonicalType: Value:4111-1111-1111-1111 ValueHash:b3f846b293cec081f0740bdaaecbea387754943b9e2ff6d83b8b459d1bbb43ac Confidence:1 Method:[regex checksum] Location:5-24 Range:{Start:5 End:24}}]
    engine_test.go:44: Regex CREDIT_CARD matched: "4111-1111-1111-1111"
=== RUN   TestEngineEvasionResistance/Boundary_Enforcement
    engine_test.go:37: Scan results for "NotAnEU_VATGB1234567890Inside": []
=== RUN   TestEngineEvasionResistance/Valid_EU_VAT
    engine_test.go:37: Scan results for "VAT is GB123456789": [{Entity:PATIENT_ID CanonicalType: Value:GB123456789 ValueHash:078953f58afcc3fde52d900651f55bbcb477af557838867d7a4afd5923ef4689 Confidence:1 Method:[regex] Location:7-18 Range:{Start:7 End:18}}]
    engine_test.go:44: Regex PATIENT_ID matched: "GB123456789"
=== RUN   TestEngineEvasionResistance/Valid_BE_VAT
    engine_test.go:37: Scan results for "VAT is BE0123456789": [{Entity:EU_VAT CanonicalType: Value:BE0123456789 ValueHash:e3e8c9fd71dd1eeb17f89b01891aea0784364aaa19cc2eb4e312e87c5f3a701d Confidence:1 Method:[regex] Location:7-19 Range:{Start:7 End:19}} {Entity:PATIENT_ID CanonicalType: Value:BE0123456789 ValueHash:e3e8c9fd71dd1eeb17f89b01891aea0784364aaa19cc2eb4e312e87c5f3a701d Confidence:1 Method:[regex] Location:7-19 Range:{Start:7 End:19}}]
    engine_test.go:44: Regex EU_VAT matched: "BE0123456789"
    engine_test.go:44: Regex PATIENT_ID matched: "BE0123456789"
=== RUN   TestEngineEvasionResistance/Valid_ES_DNI
    engine_test.go:37: Scan results for "DNI: 12345678Z": [{Entity:ES_DNI_NIE CanonicalType: Value:12345678Z ValueHash:1c9f96328944627a83b96f2f7d98c97f32664101ff98a1c2efb65e75a3417300 Confidence:1 Method:[regex checksum] Location:5-14 Range:{Start:5 End:14}}]
    engine_test.go:44: Regex ES_DNI_NIE matched: "12345678Z"
=== RUN   TestEngineEvasionResistance/Valid_IT_CF
    engine_test.go:37: Scan results for "CF: RSSMRA80A10H501W": [{Entity:IT_CODICE_FISCALE CanonicalType: Value:RSSMRA80A10H501W ValueHash:e2a12fe9205601c892460e7bae9316c5db969ce26b006c63ebbfee353d2ee7a2 Confidence:1 Method:[regex checksum] Location:4-20 Range:{Start:4 End:20}}]
    engine_test.go:44: Regex IT_CODICE_FISCALE matched: "RSSMRA80A10H501W"
=== RUN   TestEngineEvasionResistance/Valid_NL_BSN
    engine_test.go:37: Scan results for "BSN: 123456782": [{Entity:FRANCE_SIREN_NUMBER CanonicalType: Value:123456782 ValueHash:eef30647d28ea37791c73e9ee10e982ee0eebf8f13cd29b144f5f1c4d8ef7596 Confidence:1 Method:[regex checksum] Location:5-14 Range:{Start:5 End:14}} {Entity:NL_BSN CanonicalType: Value:123456782 ValueHash:eef30647d28ea37791c73e9ee10e982ee0eebf8f13cd29b144f5f1c4d8ef7596 Confidence:1 Method:[regex checksum] Location:5-14 Range:{Start:5 End:14}}]
    engine_test.go:44: Regex FRANCE_SIREN_NUMBER matched: "123456782"
    engine_test.go:44: Regex NL_BSN matched: "123456782"
    engine_test.go:44: Regex CL_RUT matched: "123456782"
=== RUN   TestEngineEvasionResistance/Valid_PL_PESEL
    engine_test.go:37: Scan results for "PESEL: 44051401359": [{Entity:PL_PESEL CanonicalType: Value:44051401359 ValueHash:ca7e084373515292389b86d9d1b1f155852b0f35b6224600354a71051dbf0b9e Confidence:1 Method:[regex checksum] Location:7-18 Range:{Start:7 End:18}}]
    engine_test.go:44: Regex DE_STEUER_ID matched: "44051401359"
    engine_test.go:44: Regex PL_PESEL matched: "44051401359"
    engine_test.go:44: Regex BR_CPF matched: "44051401359"
=== RUN   TestEngineEvasionResistance/Valid_DE_StId
    engine_test.go:37: Scan results for "StId: 65929970489": [{Entity:DE_STEUER_ID CanonicalType: Value:65929970489 ValueHash:d298b8a2f9bc4186834796ce03d7a0281eb8a9661808cc92a57b92e06e3f7ed8 Confidence:1 Method:[regex checksum] Location:6-17 Range:{Start:6 End:17}}]
    engine_test.go:44: Regex DE_STEUER_ID matched: "65929970489"
    engine_test.go:44: Regex PL_PESEL matched: "65929970489"
    engine_test.go:44: Regex BR_CPF matched: "65929970489"
=== RUN   TestEngineEvasionResistance/Base64_Evasion
    engine_test.go:37: Scan results for "Data: REU4OTM3MDQwMDQ0MDUzMjAxMzAwMA==": []
=== RUN   TestEngineEvasionResistance/Multi-line_PII
    engine_test.go:37: Scan results for "FR_NIR is\n190017500100112": [{Entity:FR_NIR CanonicalType: Value:190017500100112 ValueHash:855407be9acf426174dfdf6d9154017fb7e3ec8337f1cf95a95d08e010d5b4ba Confidence:1 Method:[regex] Location:10-25 Range:{Start:10 End:25}}]
    engine_test.go:44: Regex FR_NIR matched: "190017500100112"
=== RUN   TestEngineEvasionResistance/Valid_BR_CPF
    engine_test.go:37: Scan results for "CPF: 123.456.789-09": [{Entity:BR_CPF CanonicalType: Value:123.456.789-09 ValueHash:aca996d54477df36e1ed4b67deb8f68c08f764284eb7a1bd861e02a5c026ae81 Confidence:1 Method:[regex checksum] Location:5-19 Range:{Start:5 End:19}}]
    engine_test.go:44: Regex BR_CPF matched: "123.456.789-09"
=== RUN   TestEngineEvasionResistance/Valid_CL_RUT
    engine_test.go:37: Scan results for "RUT: 12.345.678-5": [{Entity:CL_RUT CanonicalType: Value:12.345.678-5 ValueHash:1f53709e4ea66f011a344850663ab1c364249455079ecf9da2c0fc57da645e50 Confidence:1 Method:[regex checksum] Location:5-17 Range:{Start:5 End:17}}]
    engine_test.go:44: Regex CL_RUT matched: "12.345.678-5"
=== RUN   TestEngineEvasionResistance/Valid_CL_RUT_with_K
    engine_test.go:37: Scan results for "RUT: 10.222.333-K": []
    engine_test.go:44: Regex CL_RUT matched: "10.222.333-K"
    engine_test.go:53: Expected "10.222.333-K", got ""
--- FAIL: TestEngineEvasionResistance (0.00s)
    --- PASS: TestEngineEvasionResistance/Spaced_IBAN (0.00s)
    --- PASS: TestEngineEvasionResistance/Mixed_Case_IBAN (0.00s)
    --- PASS: TestEngineEvasionResistance/Credit_Card_with_Dashes (0.00s)
    --- PASS: TestEngineEvasionResistance/Boundary_Enforcement (0.00s)
    --- PASS: TestEngineEvasionResistance/Valid_EU_VAT (0.00s)
    --- PASS: TestEngineEvasionResistance/Valid_BE_VAT (0.00s)
    --- PASS: TestEngineEvasionResistance/Valid_ES_DNI (0.00s)
    --- PASS: TestEngineEvasionResistance/Valid_IT_CF (0.00s)
    --- PASS: TestEngineEvasionResistance/Valid_NL_BSN (0.00s)
    --- PASS: TestEngineEvasionResistance/Valid_PL_PESEL (0.00s)
    --- PASS: TestEngineEvasionResistance/Valid_DE_StId (0.00s)
    --- PASS: TestEngineEvasionResistance/Base64_Evasion (0.00s)
    --- PASS: TestEngineEvasionResistance/Multi-line_PII (0.00s)
    --- PASS: TestEngineEvasionResistance/Valid_BR_CPF (0.00s)
    --- PASS: TestEngineEvasionResistance/Valid_CL_RUT (0.00s)
    --- FAIL: TestEngineEvasionResistance/Valid_CL_RUT_with_K (0.00s)
=== RUN   TestValidationLayer
    engine_test.go:126: Expected valid Chile RUT with K to pass, got no hits
--- FAIL: TestValidationLayer (0.00s)
=== RUN   TestMappingAlias
--- PASS: TestMappingAlias (0.00s)
=== RUN   TestCloudSecrets
=== RUN   TestCloudSecrets/AWS_Key
=== RUN   TestCloudSecrets/AWS_Secret
=== RUN   TestCloudSecrets/GCP_Service_Account
--- PASS: TestCloudSecrets (0.00s)
    --- PASS: TestCloudSecrets/AWS_Key (0.00s)
    --- PASS: TestCloudSecrets/AWS_Secret (0.00s)
    --- PASS: TestCloudSecrets/GCP_Service_Account (0.00s)
=== RUN   TestIPAddress
--- PASS: TestIPAddress (0.00s)
=== RUN   TestNordicIDs
=== RUN   TestNordicIDs/Valid_SE_PIN
    mapping_test.go:107: Scan Valid SE PIN ("SE-PIN 19121212-1212 is here"): results: [{Entity:SE_PIN CanonicalType: Value:19121212-1212 ValueHash:c57913dd217a462baf479ec80c0f4ce93494dbc71df41ee1b6e746393cfced7a Confidence:1 Method:[regex checksum] Location:7-20 Range:{Start:7 End:20}}]
=== RUN   TestNordicIDs/Invalid_SE_PIN
    mapping_test.go:107: Scan Invalid SE PIN ("19121212-1213"): results: []
=== RUN   TestNordicIDs/Valid_DK_CPR
    mapping_test.go:107: Scan Valid DK CPR ("111111-1118"): results: [{Entity:DK_CPR CanonicalType: Value:111111-1118 ValueHash:5ab25146e5668ead75767af92e64501e2d96bb316f74389e91cc8a6153402273 Confidence:1 Method:[regex checksum] Location:0-11 Range:{Start:0 End:11}}]
=== RUN   TestNordicIDs/Invalid_DK_CPR
    mapping_test.go:107: Scan Invalid DK CPR ("111111-1111"): results: []
=== RUN   TestNordicIDs/Valid_FI_HETU
    mapping_test.go:107: Scan Valid FI HETU ("010101-001R"): results: [{Entity:FI_HETU CanonicalType: Value:010101-001R ValueHash:5120f6bfe48de4c4e7aa4b08548b6e50d62691bc821dc11be94396f74663285f Confidence:1 Method:[regex checksum] Location:0-11 Range:{Start:0 End:11}}]
=== RUN   TestNordicIDs/Invalid_FI_HETU
    mapping_test.go:107: Scan Invalid FI HETU ("010101-001A"): results: []
--- PASS: TestNordicIDs (0.00s)
    --- PASS: TestNordicIDs/Valid_SE_PIN (0.00s)
    --- PASS: TestNordicIDs/Invalid_SE_PIN (0.00s)
    --- PASS: TestNordicIDs/Valid_DK_CPR (0.00s)
    --- PASS: TestNordicIDs/Invalid_DK_CPR (0.00s)
    --- PASS: TestNordicIDs/Valid_FI_HETU (0.00s)
    --- PASS: TestNordicIDs/Invalid_FI_HETU (0.00s)
FAIL
FAIL	github.com/Edu963/ocultar/internal/pii	0.005s
FAIL
